C51 COMPILER V9.56.0.0   MAIN                                                              12/12/2017 21:20:05 PAGE 1   


C51 COMPILER V9.56.0.0, COMPILATION OF MODULE MAIN
OBJECT MODULE PLACED IN main.OBJ
COMPILER INVOKED BY: E:\Keil_v5\C51\BIN\C51.EXE main.c OPTIMIZE(8,SPEED) BROWSE DEBUG OBJECTEXTEND TABS(2)

line level    source

   1          #include "reg52.h"       //此文件中定义了单片机的一些特殊功能寄存器
   2          #include "lcd.h"
   3          typedef unsigned int u16;   //对数据类型进行声明定义
   4          typedef unsigned char u8;
   5          
   6          u8 Disp[]="Made By Ma Jun";
   7          u8 Disp1[]="00:00.0";
   8          u8 Disp2[]="00:10.0";
   9          
  10            void main(void)     
  11          {
  12   1      
  13   1        u8 i;
  14   1        int t1=1,t2=0,t3=0,t4=0;
  15   1        int flag=0;
  16   1        int flag1=0;
  17   1        LcdInit();                //LCD初始化
  18   1      
  19   1        while(1)
  20   1        {
  21   2        
  22   2        LcdWriteCom(0x80);        //显示第一行
  23   2        for(i=0;i<15;i++)
  24   2        {LcdWriteData(Disp[i]);}
  25   2        
  26   2          if(K5==0)
  27   2        {
  28   3          flag1=1;       
  29   3        }
  30   2        
  31   2        
  32   2        if(flag1==0)
  33   2        {
  34   3         LcdWriteCom(0xC0);       //显示第二行
  35   3         for(i=0;i<8;i++)
  36   3        {LcdWriteData(Disp1[i]);}}
  37   2        
  38   2          if(flag1==1)            //10s倒计时
  39   2        {
  40   3         LcdWriteCom(0xC0);      
  41   3         for(i=0;i<8;i++)
  42   3        {LcdWriteData(Disp2[i]);}}
  43   2        
  44   2        
  45   2        
  46   2        if(K3==0)
  47   2        {
  48   3          LcdWriteCom(0x02);        //清零
  49   3        }
  50   2        
  51   2          if(K4==0)
  52   2        {
  53   3          flag=~flag;       
  54   3        }
  55   2        
C51 COMPILER V9.56.0.0   MAIN                                                              12/12/2017 21:20:05 PAGE 2   

  56   2        if(flag1==0)               //计时
  57   2        {
  58   3            if(K1==0)
  59   3        {
  60   4         
  61   4        while(1)
  62   4        {
  63   5      
  64   5         
  65   5        for(i=0;i<9;i++)
  66   5        {
  67   6          LcdWriteCom(0xC6);
  68   6          LcdWriteData('0'+i);
  69   6          Lcd1602_Delay1ms(100);
  70   6          
  71   6          if(K2==0)                   //暂停键是否按下
  72   6          { 
  73   7            while(1)
  74   7            {
  75   8              if(K2==~K2)
  76   8                break;
  77   8            if(K3==0)                  //清零键是否按下
  78   8          {  
  79   9            while(1)
  80   9            { if(K3==0)
  81  10              {break;}
  82  10            }
  83   9      
  84   9            } if(K3==0)
  85   8              {break;}
  86   8      
  87   8          }
  88   7            if(K3==0)
  89   7              {break;}
  90   7          }
  91   6            if(K3==0)
  92   6              {break;}
  93   6        }  
  94   5          if(K3==0)
  95   5              {break;}
  96   5          LcdWriteCom(0xC6);
  97   5          LcdWriteData('9');
  98   5          Lcd1602_Delay1ms(80);
  99   5            
 100   5            if(flag)
 101   5            { Beed=1;Lcd1602_Delay1ms(20);}
 102   5            else{Beed=0;Lcd1602_Delay1ms(20);Beed=1;               //蜂鸣器发声
 103   6            }
 104   5           
 105   5      
 106   5      
 107   5          LcdWriteCom(0xC4);   //1秒位
 108   5          if(t1<10||t1==10)
 109   5          {LcdWriteData('0'+t1++);}
 110   5          if(t1>10)
 111   5          {t1=1;LcdWriteCom(0xC4);LcdWriteData('0');t2++;}
 112   5            
 113   5          LcdWriteCom(0xC3);   //10秒位
 114   5          if(t2<6||t2==6)
 115   5          {LcdWriteData('0'+t2);}
 116   5          if(t2>6)
 117   5          {t2=1;LcdWriteCom(0xC3);LcdWriteData('0');t3++;}
C51 COMPILER V9.56.0.0   MAIN                                                              12/12/2017 21:20:05 PAGE 3   

 118   5          
 119   5          LcdWriteCom(0xC1);   //1分钟位
 120   5          if(t3<10||t3==10)
 121   5          {LcdWriteData('0'+t3);}
 122   5          if(t3>10)
 123   5          {t3=1;LcdWriteCom(0xC1);LcdWriteData('0');t4++;}
 124   5          
 125   5          LcdWriteCom(0xC0);   //10分钟位
 126   5          if(t4<6||t4==6)
 127   5          {LcdWriteData('0'+t4);}
 128   5          if(t4>6)
 129   5          {t4=1;LcdWriteCom(0xC0);LcdWriteData('0');}
 130   5          
 131   5        } if(K3==0)
 132   4              {break;}
 133   4      }
 134   3      }
 135   2        
 136   2      /**************10s倒计时**********************/
 137   2          
 138   2        if(flag1==1)               
 139   2        {   
 140   3          if(K3==0)
 141   3        {
 142   4          LcdWriteCom(0x02);        //清零
 143   4        }
 144   3            
 145   3          if(K1==0)
 146   3        { int j=1;
 147   4          while(1)
 148   4          {
 149   5          LcdWriteCom(0xC3);   //10秒位
 150   5          LcdWriteData('0');
 151   5          
 152   5          LcdWriteCom(0xC6);
 153   5          LcdWriteData('0');
 154   5          Lcd1602_Delay1ms(100);
 155   5          if(j)
 156   5          {
 157   6            LcdWriteCom(0xC4);
 158   6            LcdWriteData('9');
 159   6          }
 160   5            
 161   5          
 162   5          for(i=0;i<10;i++)
 163   5        {
 164   6      
 165   6          LcdWriteCom(0xC6);
 166   6          LcdWriteData('9'-i);
 167   6          Lcd1602_Delay1ms(100);
 168   6        }
 169   5        
 170   5          LcdWriteCom(0xC4);   //1秒位
 171   5          if(t1<10)
 172   5          {LcdWriteData('9'-t1++);j=0;}
 173   5          if(t1==10)
 174   5          {t1=1;LcdWriteCom(0xC4);LcdWriteData('0');t2++;}
 175   5          if(t2==1)
 176   5          { Beed=0;Lcd1602_Delay1ms(100);Beed=1;
 177   6          while(1)
 178   6          {
 179   7            if(K3==0)
C51 COMPILER V9.56.0.0   MAIN                                                              12/12/2017 21:20:05 PAGE 4   

 180   7              break;
 181   7          }if(K3==0)
 182   6              break;
 183   6          }if(K3==0)
 184   5              break;
 185   5      
 186   5        
 187   5        }if(K3==0)
 188   4              break;
 189   4        
 190   4        
 191   4        
 192   4      }if(K3==0)
 193   3              break;
 194   3        
 195   3        }
 196   2      }}


MODULE INFORMATION:   STATIC OVERLAYABLE
   CODE SIZE        =    791    ----
   CONSTANT SIZE    =   ----    ----
   XDATA SIZE       =   ----    ----
   PDATA SIZE       =   ----    ----
   DATA SIZE        =     31      15
   IDATA SIZE       =   ----    ----
   BIT SIZE         =   ----    ----
END OF MODULE INFORMATION.


C51 COMPILATION COMPLETE.  0 WARNING(S),  0 ERROR(S)
